// Jest Snapshot v1, https://goo.gl/fbAQLP

exports[`GithubTrendingPage is rendered correctly 1`] = `
<div>
  <div
    class="MuiContainer-root MuiContainer-maxWidthMd"
  >
    <div
      class="MuiBox-root MuiBox-root-1"
    >
      <h1
        class="MuiTypography-root MuiTypography-h2"
      >
        Github Trending
      </h1>
    </div>
    <div
      class="MuiBox-root MuiBox-root-5 makeStyles-root-2"
    >
      <div
        aria-expanded="false"
        class="MuiAutocomplete-root makeStyles-root-6 MuiAutocomplete-hasClearIcon MuiAutocomplete-hasPopupIcon"
        role="combobox"
      >
        <div
          class="MuiFormControl-root MuiTextField-root MuiFormControl-fullWidth"
        >
          <label
            class="MuiFormLabel-root MuiInputLabel-root MuiInputLabel-formControl MuiInputLabel-animated MuiInputLabel-marginDense MuiInputLabel-outlined"
            data-shrink="false"
            for="language-selector"
            id="language-selector-label"
          >
            Language
          </label>
          <div
            class="MuiInputBase-root MuiOutlinedInput-root MuiAutocomplete-inputRoot MuiInputBase-fullWidth MuiInputBase-formControl MuiInputBase-adornedEnd MuiOutlinedInput-adornedEnd MuiInputBase-marginDense MuiOutlinedInput-marginDense"
          >
            <input
              aria-autocomplete="list"
              aria-invalid="false"
              autocapitalize="none"
              autocomplete="off"
              class="MuiInputBase-input MuiOutlinedInput-input MuiAutocomplete-input MuiAutocomplete-inputFocused MuiInputBase-inputAdornedEnd MuiOutlinedInput-inputAdornedEnd MuiInputBase-inputMarginDense MuiOutlinedInput-inputMarginDense"
              id="language-selector"
              spellcheck="false"
              type="text"
              value=""
            />
            <div
              class="MuiAutocomplete-endAdornment"
            >
              <button
                aria-label="Clear"
                class="MuiButtonBase-root MuiIconButton-root MuiAutocomplete-clearIndicator"
                tabindex="-1"
                title="Clear"
                type="button"
              >
                <span
                  class="MuiIconButton-label"
                >
                  <svg
                    aria-hidden="true"
                    class="MuiSvgIcon-root MuiSvgIcon-fontSizeSmall"
                    focusable="false"
                    viewBox="0 0 24 24"
                  >
                    <path
                      d="M19 6.41L17.59 5 12 10.59 6.41 5 5 6.41 10.59 12 5 17.59 6.41 19 12 13.41 17.59 19 19 17.59 13.41 12z"
                    />
                  </svg>
                </span>
                <span
                  class="MuiTouchRipple-root"
                />
              </button>
              <button
                aria-label="Open"
                class="MuiButtonBase-root MuiIconButton-root MuiAutocomplete-popupIndicator"
                tabindex="-1"
                title="Open"
                type="button"
              >
                <span
                  class="MuiIconButton-label"
                >
                  <svg
                    aria-hidden="true"
                    class="MuiSvgIcon-root"
                    focusable="false"
                    viewBox="0 0 24 24"
                  >
                    <path
                      d="M7 10l5 5 5-5z"
                    />
                  </svg>
                </span>
                <span
                  class="MuiTouchRipple-root"
                />
              </button>
            </div>
            <fieldset
              aria-hidden="true"
              class="PrivateNotchedOutline-root-7 MuiOutlinedInput-notchedOutline"
            >
              <legend
                class="PrivateNotchedOutline-legendLabelled-9"
              >
                <span>
                  Language
                </span>
              </legend>
            </fieldset>
          </div>
        </div>
      </div>
      <button
        class="MuiButtonBase-root MuiButton-root MuiButton-outlined makeStyles-starredButton-3"
        tabindex="0"
        type="button"
      >
        <span
          class="MuiButton-label"
        >
          <svg
            aria-hidden="true"
            class="MuiSvgIcon-root makeStyles-starredIcon-4"
            focusable="false"
            viewBox="0 0 24 24"
          >
            <path
              d="M10 18h4v-2h-4v2zM3 6v2h18V6H3zm3 7h12v-2H6v2z"
            />
          </svg>
           Starred
        </span>
        <span
          class="MuiTouchRipple-root"
        />
      </button>
    </div>
    <div
      class="MuiBox-root MuiBox-root-12"
    >
      <div
        class="MuiGrid-root MuiGrid-container MuiGrid-spacing-xs-2"
      >
        <div
          class="MuiGrid-root makeStyles-row-11 MuiGrid-item MuiGrid-grid-xs-12 MuiGrid-grid-sm-6 MuiGrid-grid-md-4 MuiGrid-grid-lg-4"
        >
          <div
            class="MuiPaper-root MuiCard-root makeStyles-root-13 MuiPaper-elevation1 MuiPaper-rounded"
          >
            <div
              class="MuiCardContent-root"
            >
              <div
                class="MuiTypography-root makeStyles-repoTitle-14 MuiTypography-h6 MuiTypography-gutterBottom"
              >
                <a
                  class="MuiTypography-root MuiLink-root MuiLink-underlineHover MuiTypography-colorPrimary"
                  href="https://github.com/mxrch/GHunt"
                  rel="noopener noreferrer"
                  target="_blank"
                  title="GHunt"
                >
                  GHunt
                </a>
              </div>
              <div
                class="MuiTypography-root makeStyles-main-15 MuiTypography-body2 MuiTypography-gutterBottom"
              >
                <div
                  class="makeStyles-root-16"
                >
                  <div
                    class="makeStyles-circle-17"
                    style="background-color: rgb(53, 114, 165);"
                  />
                  Python
                </div>
                <button
                  class="MuiButtonBase-root MuiButton-root MuiButton-outlined MuiButton-outlinedSecondary MuiButton-outlinedSizeSmall MuiButton-sizeSmall"
                  tabindex="0"
                  type="button"
                >
                  <span
                    class="MuiButton-label"
                  >
                    <span
                      class="MuiButton-startIcon MuiButton-iconSizeSmall"
                    >
                      <svg
                        aria-hidden="true"
                        class="MuiSvgIcon-root"
                        focusable="false"
                        viewBox="0 0 24 24"
                      >
                        <path
                          d="M19.65 9.04l-4.84-.42-1.89-4.45c-.34-.81-1.5-.81-1.84 0L9.19 8.63l-4.83.41c-.88.07-1.24 1.17-.57 1.75l3.67 3.18-1.1 4.72c-.2.86.73 1.54 1.49 1.08l4.15-2.5 4.15 2.51c.76.46 1.69-.22 1.49-1.08l-1.1-4.73 3.67-3.18c.67-.58.32-1.68-.56-1.75zM12 15.4l-3.76 2.27 1-4.28-3.32-2.88 4.38-.38L12 6.1l1.71 4.04 4.38.38-3.32 2.88 1 4.28L12 15.4z"
                        />
                      </svg>
                    </span>
                    2950
                  </span>
                  <span
                    class="MuiTouchRipple-root"
                  />
                </button>
              </div>
              <p
                class="MuiTypography-root MuiTypography-body2 MuiTypography-gutterBottom"
              >
                üïµÔ∏è‚Äç‚ôÇÔ∏è Investigate Google Accounts with emails. 
              </p>
            </div>
          </div>
        </div>
        <div
          class="MuiGrid-root makeStyles-row-11 MuiGrid-item MuiGrid-grid-xs-12 MuiGrid-grid-sm-6 MuiGrid-grid-md-4 MuiGrid-grid-lg-4"
        >
          <div
            class="MuiPaper-root MuiCard-root makeStyles-root-13 MuiPaper-elevation1 MuiPaper-rounded"
          >
            <div
              class="MuiCardContent-root"
            >
              <div
                class="MuiTypography-root makeStyles-repoTitle-14 MuiTypography-h6 MuiTypography-gutterBottom"
              >
                <a
                  class="MuiTypography-root MuiLink-root MuiLink-underlineHover MuiTypography-colorPrimary"
                  href="https://github.com/lucidrains/vit-pytorch"
                  rel="noopener noreferrer"
                  target="_blank"
                  title="vit-pytorch"
                >
                  vit-pytorch
                </a>
              </div>
              <div
                class="MuiTypography-root makeStyles-main-15 MuiTypography-body2 MuiTypography-gutterBottom"
              >
                <div
                  class="makeStyles-root-16"
                >
                  <div
                    class="makeStyles-circle-17"
                    style="background-color: rgb(53, 114, 165);"
                  />
                  Python
                </div>
                <button
                  class="MuiButtonBase-root MuiButton-root MuiButton-contained MuiButton-containedSecondary MuiButton-containedSizeSmall MuiButton-sizeSmall"
                  tabindex="0"
                  type="button"
                >
                  <span
                    class="MuiButton-label"
                  >
                    <span
                      class="MuiButton-startIcon MuiButton-iconSizeSmall"
                    >
                      <svg
                        aria-hidden="true"
                        class="MuiSvgIcon-root"
                        focusable="false"
                        viewBox="0 0 24 24"
                      >
                        <path
                          d="M12 17.27l4.15 2.51c.76.46 1.69-.22 1.49-1.08l-1.1-4.72 3.67-3.18c.67-.58.31-1.68-.57-1.75l-4.83-.41-1.89-4.46c-.34-.81-1.5-.81-1.84 0L9.19 8.63l-4.83.41c-.88.07-1.24 1.17-.57 1.75l3.67 3.18-1.1 4.72c-.2.86.73 1.54 1.49 1.08l4.15-2.5z"
                        />
                      </svg>
                    </span>
                    300
                  </span>
                  <span
                    class="MuiTouchRipple-root"
                  />
                </button>
              </div>
              <p
                class="MuiTypography-root MuiTypography-body2 MuiTypography-gutterBottom"
              >
                Implementation of Vision Transformer, a simple way to achieve SOTA in vision classification with only a single transformer encoder, in Pytorch
              </p>
            </div>
          </div>
        </div>
        <div
          class="MuiGrid-root makeStyles-row-11 MuiGrid-item MuiGrid-grid-xs-12 MuiGrid-grid-sm-6 MuiGrid-grid-md-4 MuiGrid-grid-lg-4"
        >
          <div
            class="MuiPaper-root MuiCard-root makeStyles-root-13 MuiPaper-elevation1 MuiPaper-rounded"
          >
            <div
              class="MuiCardContent-root"
            >
              <div
                class="MuiTypography-root makeStyles-repoTitle-14 MuiTypography-h6 MuiTypography-gutterBottom"
              >
                <a
                  class="MuiTypography-root MuiLink-root MuiLink-underlineHover MuiTypography-colorPrimary"
                  href="https://github.com/apple/swift-atomics"
                  rel="noopener noreferrer"
                  target="_blank"
                  title="swift-atomics"
                >
                  swift-atomics
                </a>
              </div>
              <div
                class="MuiTypography-root makeStyles-main-15 MuiTypography-body2 MuiTypography-gutterBottom"
              >
                <div
                  class="makeStyles-root-16"
                >
                  <div
                    class="makeStyles-circle-17"
                    style="background-color: rgb(255, 172, 69);"
                  />
                  Swift
                </div>
                <button
                  class="MuiButtonBase-root MuiButton-root MuiButton-contained MuiButton-containedSecondary MuiButton-containedSizeSmall MuiButton-sizeSmall"
                  tabindex="0"
                  type="button"
                >
                  <span
                    class="MuiButton-label"
                  >
                    <span
                      class="MuiButton-startIcon MuiButton-iconSizeSmall"
                    >
                      <svg
                        aria-hidden="true"
                        class="MuiSvgIcon-root"
                        focusable="false"
                        viewBox="0 0 24 24"
                      >
                        <path
                          d="M12 17.27l4.15 2.51c.76.46 1.69-.22 1.49-1.08l-1.1-4.72 3.67-3.18c.67-.58.31-1.68-.57-1.75l-4.83-.41-1.89-4.46c-.34-.81-1.5-.81-1.84 0L9.19 8.63l-4.83.41c-.88.07-1.24 1.17-.57 1.75l3.67 3.18-1.1 4.72c-.2.86.73 1.54 1.49 1.08l4.15-2.5z"
                        />
                      </svg>
                    </span>
                    245
                  </span>
                  <span
                    class="MuiTouchRipple-root"
                  />
                </button>
              </div>
              <p
                class="MuiTypography-root MuiTypography-body2 MuiTypography-gutterBottom"
              />
            </div>
          </div>
        </div>
        <div
          class="MuiGrid-root makeStyles-row-11 MuiGrid-item MuiGrid-grid-xs-12 MuiGrid-grid-sm-6 MuiGrid-grid-md-4 MuiGrid-grid-lg-4"
        >
          <div
            class="MuiPaper-root MuiCard-root makeStyles-root-13 MuiPaper-elevation1 MuiPaper-rounded"
          >
            <div
              class="MuiCardContent-root"
            >
              <div
                class="MuiTypography-root makeStyles-repoTitle-14 MuiTypography-h6 MuiTypography-gutterBottom"
              >
                <a
                  class="MuiTypography-root MuiLink-root MuiLink-underlineHover MuiTypography-colorPrimary"
                  href="https://github.com/xelaj/mtproto"
                  rel="noopener noreferrer"
                  target="_blank"
                  title="mtproto"
                >
                  mtproto
                </a>
              </div>
              <div
                class="MuiTypography-root makeStyles-main-15 MuiTypography-body2 MuiTypography-gutterBottom"
              >
                <div
                  class="makeStyles-root-16"
                >
                  <div
                    class="makeStyles-circle-17"
                    style="background-color: rgb(0, 173, 216);"
                  />
                  Go
                </div>
                <button
                  class="MuiButtonBase-root MuiButton-root MuiButton-outlined MuiButton-outlinedSecondary MuiButton-outlinedSizeSmall MuiButton-sizeSmall"
                  tabindex="0"
                  type="button"
                >
                  <span
                    class="MuiButton-label"
                  >
                    <span
                      class="MuiButton-startIcon MuiButton-iconSizeSmall"
                    >
                      <svg
                        aria-hidden="true"
                        class="MuiSvgIcon-root"
                        focusable="false"
                        viewBox="0 0 24 24"
                      >
                        <path
                          d="M19.65 9.04l-4.84-.42-1.89-4.45c-.34-.81-1.5-.81-1.84 0L9.19 8.63l-4.83.41c-.88.07-1.24 1.17-.57 1.75l3.67 3.18-1.1 4.72c-.2.86.73 1.54 1.49 1.08l4.15-2.5 4.15 2.51c.76.46 1.69-.22 1.49-1.08l-1.1-4.73 3.67-3.18c.67-.58.32-1.68-.56-1.75zM12 15.4l-3.76 2.27 1-4.28-3.32-2.88 4.38-.38L12 6.1l1.71 4.04 4.38.38-3.32 2.88 1 4.28L12 15.4z"
                        />
                      </svg>
                    </span>
                    244
                  </span>
                  <span
                    class="MuiTouchRipple-root"
                  />
                </button>
              </div>
              <p
                class="MuiTypography-root MuiTypography-body2 MuiTypography-gutterBottom"
              >
                Full-native go implementation of Telegram API
              </p>
            </div>
          </div>
        </div>
      </div>
    </div>
  </div>
</div>
`;

exports[`GithubTrendingPage renders empty state correctly 1`] = `
<div>
  <div
    class="MuiContainer-root MuiContainer-maxWidthMd"
  >
    <div
      class="MuiBox-root MuiBox-root-18"
    >
      <h1
        class="MuiTypography-root MuiTypography-h2"
      >
        Github Trending
      </h1>
    </div>
    <div
      class="MuiBox-root MuiBox-root-22 makeStyles-root-19"
    >
      <div
        aria-expanded="false"
        class="MuiAutocomplete-root makeStyles-root-23 MuiAutocomplete-hasClearIcon MuiAutocomplete-hasPopupIcon"
        role="combobox"
      >
        <div
          class="MuiFormControl-root MuiTextField-root MuiFormControl-fullWidth"
        >
          <label
            class="MuiFormLabel-root MuiInputLabel-root MuiInputLabel-formControl MuiInputLabel-animated MuiInputLabel-marginDense MuiInputLabel-outlined"
            data-shrink="false"
            for="language-selector"
            id="language-selector-label"
          >
            Language
          </label>
          <div
            class="MuiInputBase-root MuiOutlinedInput-root MuiAutocomplete-inputRoot MuiInputBase-fullWidth MuiInputBase-formControl MuiInputBase-adornedEnd MuiOutlinedInput-adornedEnd MuiInputBase-marginDense MuiOutlinedInput-marginDense"
          >
            <input
              aria-autocomplete="list"
              aria-invalid="false"
              autocapitalize="none"
              autocomplete="off"
              class="MuiInputBase-input MuiOutlinedInput-input MuiAutocomplete-input MuiAutocomplete-inputFocused MuiInputBase-inputAdornedEnd MuiOutlinedInput-inputAdornedEnd MuiInputBase-inputMarginDense MuiOutlinedInput-inputMarginDense"
              id="language-selector"
              spellcheck="false"
              type="text"
              value=""
            />
            <div
              class="MuiAutocomplete-endAdornment"
            >
              <button
                aria-label="Clear"
                class="MuiButtonBase-root MuiIconButton-root MuiAutocomplete-clearIndicator"
                tabindex="-1"
                title="Clear"
                type="button"
              >
                <span
                  class="MuiIconButton-label"
                >
                  <svg
                    aria-hidden="true"
                    class="MuiSvgIcon-root MuiSvgIcon-fontSizeSmall"
                    focusable="false"
                    viewBox="0 0 24 24"
                  >
                    <path
                      d="M19 6.41L17.59 5 12 10.59 6.41 5 5 6.41 10.59 12 5 17.59 6.41 19 12 13.41 17.59 19 19 17.59 13.41 12z"
                    />
                  </svg>
                </span>
                <span
                  class="MuiTouchRipple-root"
                />
              </button>
              <button
                aria-label="Open"
                class="MuiButtonBase-root MuiIconButton-root MuiAutocomplete-popupIndicator"
                tabindex="-1"
                title="Open"
                type="button"
              >
                <span
                  class="MuiIconButton-label"
                >
                  <svg
                    aria-hidden="true"
                    class="MuiSvgIcon-root"
                    focusable="false"
                    viewBox="0 0 24 24"
                  >
                    <path
                      d="M7 10l5 5 5-5z"
                    />
                  </svg>
                </span>
                <span
                  class="MuiTouchRipple-root"
                />
              </button>
            </div>
            <fieldset
              aria-hidden="true"
              class="PrivateNotchedOutline-root-24 MuiOutlinedInput-notchedOutline"
            >
              <legend
                class="PrivateNotchedOutline-legendLabelled-26"
              >
                <span>
                  Language
                </span>
              </legend>
            </fieldset>
          </div>
        </div>
      </div>
      <button
        class="MuiButtonBase-root MuiButton-root MuiButton-outlined makeStyles-starredButton-20"
        tabindex="0"
        type="button"
      >
        <span
          class="MuiButton-label"
        >
          <svg
            aria-hidden="true"
            class="MuiSvgIcon-root makeStyles-starredIcon-21"
            focusable="false"
            viewBox="0 0 24 24"
          >
            <path
              d="M10 18h4v-2h-4v2zM3 6v2h18V6H3zm3 7h12v-2H6v2z"
            />
          </svg>
           Starred
        </span>
        <span
          class="MuiTouchRipple-root"
        />
      </button>
    </div>
    <div
      class="MuiBox-root MuiBox-root-29"
    >
      <div
        class="MuiGrid-root MuiGrid-container MuiGrid-spacing-xs-2"
      />
      <p
        class="MuiTypography-root MuiTypography-body1"
      >
        No repos found!
      </p>
    </div>
  </div>
</div>
`;
